// Jest Snapshot v1, https://goo.gl/fbAQLP

exports[`Test <GifGridItem /> component should show the component 1`] = `
<div
  className="card animate__animated animate__fadeIn"
>
  <img
    alt="Title"
    src="https://localhost/algo.jpg"
  />
  <p>
    Title
  </p>
</div>
`;
